
> template-exec@0.0.0 build
> tsc -b && vite build

[36mvite v7.3.5 [32mbuilding client environment for production...[36m[39m
node.exe : 
Au caractère C:\Program Files\nodejs\npm.ps1:29 : 3
+   & $NODE_EXE $NPM_CLI_JS $args
+   ~~~~~~~~~~~~~~~~~~~~~~~~~~~~~
    + CategoryInfo          : NotSpecified: (:String) [], RemoteException
    + FullyQualifiedErrorId : NativeCommandError
 
./generated/font.css doesn't exist at build time, it will remain unchanged to be 
resolved at runtime

./generated/theme.css doesn't exist at build time, it will remain unchanged to be 
resolved at runtime
transforming...
[33m[plugin vite:esbuild] src/components/octopus-market/solana-pay.ts: [33mBig 
integer literals are not available in the configured target environment ("es2018" 
+ 2 overrides) and may crash at run-time[33m
480 |  
481 |    for (let index = 0; index < 8; index += 1) {
482 |      output[index] = Number(remaining & 255n);
    |                                         ^
483 |      remaining >>= 8n;
484 |    }
[39m
[33m[plugin vite:esbuild] src/components/octopus-market/solana-pay.ts: [33mBig 
integer literals are not available in the configured target environment ("es2018" 
+ 2 overrides) and may crash at run-time[33m
481 |    for (let index = 0; index < 8; index += 1) {
482 |      output[index] = Number(remaining & 255n);
483 |      remaining >>= 8n;
    |                    ^
484 |    }
485 |  
[39m
[32mÔ£ô[39m 2858 modules transformed.
rendering chunks...
computing gzip size...
[2mdist/[22m[32mindex.html                                    [39m[1m[2m    0.61 kB[22m[1m[22m[2m Ôöé gzip:   0.33 kB[22m
[2mdist/[22m[32massets/sn-error-DdjE6Wqe.svg                  [39m[1m[2m   14.27 kB[22m[1m[22m[2m Ôöé gzip:   3.69 kB[22m
[2mdist/[22m[35mgenerated/font.css                            [39m[1m[2m    0.08 kB[22m[1m[22m[2m Ôöé gzip:   0.10 kB[22m
[2mdist/[22m[35mgenerated/theme.css                           [39m[1m[2m    2.14 kB[22m[1m[22m[2m Ôöé gzip:   0.56 kB[22m
[2mdist/[22m[35massets/index-B6-Uib7q.css                     [39m[1m[2m  203.22 kB[22m[1m[22m[2m Ôöé gzip:  26.80 kB[22m
[2mdist/[22m[36massets/circle-check-DSsxfUG0.js               [39m[1m[2m    0.29 kB[22m[1m[22m[2m Ôöé gzip:   0.22 kB[22m
[2mdist/[22m[36massets/coins-GayCRrmL.js                      [39m[1m[2m    0.40 kB[22m[1m[22m[2m Ôöé gzip:   0.27 kB[22m
[2mdist/[22m[36massets/send-EoKR4DE9.js                       [39m[1m[2m    0.42 kB[22m[1m[22m[2m Ôöé gzip:   0.29 kB[22m
[2mdist/[22m[36massets/sparkles-DMnGom5t.js                   [39m[1m[2m    0.65 kB[22m[1m[22m[2m Ôöé gzip:   0.34 kB[22m
[2mdist/[22m[36massets/textarea-Ck9UZmlS.js                   [39m[1m[2m    0.86 kB[22m[1m[22m[2m Ôöé gzip:   0.50 kB[22m
[2mdist/[22m[36massets/signature-DYwn33iB.js                  [39m[1m[2m    1.25 kB[22m[1m[22m[2m Ôöé gzip:   0.52 kB[22m
[2mdist/[22m[36massets/alert-D4lte0KD.js                      [39m[1m[2m    1.98 kB[22m[1m[22m[2m Ôöé gzip:   0.82 kB[22m
[2mdist/[22m[36massets/octopus-onboarding-dialog-Cr3VRHWw.js  [39m[1m[2m    7.20 kB[22m[1m[22m[2m Ôöé gzip:   1.97 kB[22m
[2mdist/[22m[36massets/community-ai-market-BjRiiW2y.js        [39m[1m[2m   13.60 kB[22m[1m[22m[2m Ôöé gzip:   2.66 kB[22m
[2mdist/[22m[36massets/ai-tool-social-panel-BKrgNKhg.js       [39m[1m[2m   21.36 kB[22m[1m[22m[2m Ôöé gzip:   4.81 kB[22m
[2mdist/[22m[36massets/solana-pay-u3Y4EKtk.js                 [39m[1m[2m   41.95 kB[22m[1m[22m[2m Ôöé gzip:   9.65 kB[22m
[2mdist/[22m[36massets/user-dashboard-sections--SvZzfF0.js    [39m[1m[2m   43.56 kB[22m[1m[22m[2m Ôöé gzip:   6.65 kB[22m
[2mdist/[22m[36massets/admin-database-panel-BmkXXzu2.js       [39m[1m[2m   54.64 kB[22m[1m[22m[2m Ôöé gzip:   7.21 kB[22m
[2mdist/[22m[36massets/index-CE1PewnY.js                      [39m[1m[2m   62.83 kB[22m[1m[22m[2m Ôöé gzip:  11.64 kB[22m
[2mdist/[22m[36massets/cyrdoge-chat-Y6-Mreax.js               [39m[1m[2m   97.93 kB[22m[1m[22m[2m Ôöé gzip:  22.48 kB[22m
[2mdist/[22m[36massets/octopus-ai-listing-dialog-DpNTrwJi.js  [39m[1m[2m  108.12 kB[22m[1m[22m[2m Ôöé gzip:  22.82 kB[22m
[2mdist/[22m[36massets/admin-control-center-DbQ41dik.js       [39m[1m[2m  116.02 kB[22m[1m[22m[2m Ôöé gzip:  16.43 kB[22m
[2mdist/[22m[36massets/binary-prediction-studio-B1ITlKjA.js   [39m[1m[2m  126.32 kB[22m[1m[22m[2m Ôöé gzip:  20.26 kB[22m
[2mdist/[22m[36massets/index.browser.esm-Ci4PWwQI.js          [39m[1m[33m  615.39 kB[39m[22m[2m Ôöé gzip: 121.79 kB[22m
[2mdist/[22m[36massets/solfair-launch-studio-BIgWJ0TR.js      [39m[1m[33m1,045.96 kB[39m[22m[2m Ôöé gzip: 196.94 kB[22m
[2mdist/[22m[36massets/index-D1b3yBQd.js                      [39m[1m[33m1,721.03 kB[39m[22m[2m Ôöé gzip: 322.69 kB[22m
[32mÔ£ô built in 14.24s[39m
